// Jest Snapshot v1, https://goo.gl/fbAQLP

exports[`<FormComment/> renders FormComment component propertly 1`] = `ShallowWrapper {}`;
